Microchip MPLAB XC8 PIC(R) Assembler V2.45

Linker command line:

-W-3 \
  --edf=C:\Program Files\Microchip\xc8\v2.45\pic\dat\20230818022343_en.msgs \
  -cs -h+dist/default/debug\MicroprocessorsLab.debug.sym \
  --cmf=dist/default/debug\MicroprocessorsLab.debug.cmf -z -Q18F87K22 \
  -oC:\Users\jamme\AppData\Local\Temp\xcAsr0g.\driver_tmp_3.o \
  --fixupoverflow=error -ver=XC8 PIC(R) Assembler --fixupoverflow=lstwarn \
  -Mdist/default/debug/MicroprocessorsLab.debug.map -E1 --acfsm=1493 \
  -ACODE=00h-01FFFFh -ACONST=00h-01FFFFh -ASMALLCONST=01000h-010FFhx496 \
  -AMEDIUMCONST=01000h-0FFFFh,011000h-01FFFFh -ACOMRAM=00h-05Fh \
  -AABS1=00h-0F15h -ABIGRAM=00h-0F15h \
  -ARAM=060h-0FFh,0100h-01FFhx14,0F00h-0F15h -ABANK0=060h-0FFh \
  -ABANK1=0100h-01FFh -ABANK2=0200h-02FFh -ABANK3=0300h-03FFh \
  -ABANK4=0400h-04FFh -ABANK5=0500h-05FFh -ABANK6=0600h-06FFh \
  -ABANK7=0700h-07FFh -ABANK8=0800h-08FFh -ABANK9=0900h-09FFh \
  -ABANK10=0A00h-0AFFh -ABANK11=0B00h-0BFFh -ABANK12=0C00h-0CFFh \
  -ABANK13=0D00h-0DFFh -ABANK14=0E00h-0EFFh -ABANK15=0F00h-0F15h \
  -ASFR=0F16h-0F5Fh,0F60h-0FFFh -ABIGSFR=0F16h-0FFFh \
  -AIDLOC=0200000h-0200007h -AEEDATA=0F00000h-0F003FFh \
  build/default/debug/main.o build/default/debug/config.o \
  build/default/debug/touchscreen.o build/default/debug/experiment.o \
  build/default/debug/display.o build/default/debug/timer.o \
  build/default/debug/UART.o 

Object code version is 3.11

Machine type is 18F87K22



                Name                               Link     Load   Length Selector   Space Scale
build/default/debug/main.o
                code                                  0        0       28        0       0
                config                           300000   300000        E        0       4
build/default/debug/config.o
                config                           300000   300000        E        0       4
build/default/debug/touchscreen.o
                touchscreen_code                  1FCA6    1FCA6       7E    1FCA6       0
                udata_acs                            23       23        6        0       1
build/default/debug/experiment.o
                experiment_code                   1FE5E    1FE5E      1A2    1FE5E       0
                udata_acs                             0        0       10        0       1
build/default/debug/display.o
                display_code                      1FD24    1FD24      13A    1FD24       0
                udata_acs                            10       10        A        0       1
build/default/debug/timer.o
                timer_code                        1FC32    1FC32       74    1FC32       0
                udata_acs                            1A       1A        9        0       1
build/default/debug/UART.o
                uart_code                         1FC0A    1FC0A       28    1FC0A       0
                udata_acs                            29       29        1        0       1

TOTAL           Name                               Link     Load   Length     Space
        CLASS   CODE           
                code                                  0        0       28         0
                touchscreen_code                  1FCA6    1FCA6       7E         0
                experiment_code                   1FE5E    1FE5E      1A2         0
                display_code                      1FD24    1FD24      13A         0
                timer_code                        1FC32    1FC32       74         0
                uart_code                         1FC0A    1FC0A       28         0

        CLASS   CONST          

        CLASS   SMALLCONST     

        CLASS   MEDIUMCONST    

        CLASS   COMRAM         
                udata_acs                            23       23        6         1
                udata_acs                             0        0       10         1
                udata_acs                            10       10        A         1
                udata_acs                            1A       1A        9         1
                udata_acs                            29       29        1         1

        CLASS   ABS1           

        CLASS   BIGRAM         

        CLASS   RAM            

        CLASS   BANK0          

        CLASS   BANK1          

        CLASS   BANK2          

        CLASS   BANK3          

        CLASS   BANK4          

        CLASS   BANK5          

        CLASS   BANK6          

        CLASS   BANK7          

        CLASS   BANK8          

        CLASS   BANK9          

        CLASS   BANK10         

        CLASS   BANK11         

        CLASS   BANK12         

        CLASS   BANK13         

        CLASS   BANK14         

        CLASS   BANK15         

        CLASS   SFR            

        CLASS   BIGSFR         

        CLASS   IDLOC          

        CLASS   EEDATA         

        CLASS   CONFIG         
                config                           300000   300000        E         4



SEGMENTS        Name                           Load    Length   Top    Selector   Space  Class

                udata_acs                      000000  00002A  00002A         0       1  COMRAM  
                uart_code                      01FC0A  000028  01FC32     1FC0A       0  CODE    
                timer_code                     01FC32  000074  01FCA6     1FC32       0  CODE    
                touchscreen_code               01FCA6  00007E  01FD24     1FCA6       0  CODE    
                display_code                   01FD24  00013A  01FE5E     1FD24       0  CODE    
                experiment_code                01FE5E  0001A2  020000     1FE5E       0  CODE    


UNUSED ADDRESS RANGES

        Name                Unused          Largest block    Delta
        BANK0            000060-0000FF               A0
        BANK1            000100-0001FF              100
        BANK10           000A00-000AFF              100
        BANK11           000B00-000BFF              100
        BANK12           000C00-000CFF              100
        BANK13           000D00-000DFF              100
        BANK14           000E00-000EFF              100
        BANK15           000F00-000F15               16
        BANK2            000200-0002FF              100
        BANK3            000300-0003FF              100
        BANK4            000400-0004FF              100
        BANK5            000500-0005FF              100
        BANK6            000600-0006FF              100
        BANK7            000700-0007FF              100
        BANK8            000800-0008FF              100
        BANK9            000900-0009FF              100
        BIGRAM           000028-000F15              EEE
        BIGSFR           000F16-000FFF               EA
        CODE             000028-01FC09            1FBE2
        COMRAM           00002A-00005F               36
        CONST            000028-01FC09            1FBE2
        EEDATA           F00000-F003FF              400
        IDLOC            200000-200007                8
        MEDIUMCONST      001000-00FFFF             F000
                         011000-01FC09             EC0A
        RAM              000060-000F15              100
        SFR              000F16-000FFF               4A
        SMALLCONST       001000-01FC09              100

                                  Symbol Table

UART_Transmit_Byte                uart_code        01FC2A
UART_init                         uart_code        01FC0A
__H__absolute__                   __absolute__     000000
__Hcode                           code             000000
__Hconfig                         config           30000E
__Hdata                           data             000000
__Hdisplay_code                   display_code     000000
__Hedata                          edata            000000
__Hexperiment_code                experiment_code  000000
__Hspace_0                        (abs)            020000
__Hspace_1                        (abs)            00002A
__Hspace_3                        (abs)            000000
__Hspace_4                        (abs)            60000E
__Htimer_code                     timer_code       000000
__Htouchscreen_code               touchscreen_code 000000
__Huart_code                      uart_code        000000
__Hudata                          udata            000000
__Hudata_acs                      udata_acs        000000
__Hudata_bank0                    udata_bank0      000000
__Hudata_bank1                    udata_bank1      000000
__Hudata_bank10                   udata_bank10     000000
__Hudata_bank11                   udata_bank11     000000
__Hudata_bank12                   udata_bank12     000000
__Hudata_bank13                   udata_bank13     000000
__Hudata_bank14                   udata_bank14     000000
__Hudata_bank15                   udata_bank15     000000
__Hudata_bank2                    udata_bank2      000000
__Hudata_bank3                    udata_bank3      000000
__Hudata_bank4                    udata_bank4      000000
__Hudata_bank5                    udata_bank5      000000
__Hudata_bank6                    udata_bank6      000000
__Hudata_bank7                    udata_bank7      000000
__Hudata_bank8                    udata_bank8      000000
__Hudata_bank9                    udata_bank9      000000
__L__absolute__                   __absolute__     000000
__Lcode                           code             000000
__Lconfig                         config           000000
__Ldata                           data             000000
__Ldisplay_code                   display_code     000000
__Ledata                          edata            000000
__Lexperiment_code                experiment_code  000000
__Lspace_0                        (abs)            000000
__Lspace_1                        (abs)            000000
__Lspace_3                        (abs)            000000
__Lspace_4                        (abs)            000000
__Ltimer_code                     timer_code       000000
__Ltouchscreen_code               touchscreen_code 000000
__Luart_code                      uart_code        000000
__Ludata                          udata            000000
__Ludata_acs                      udata_acs        000000
__Ludata_bank0                    udata_bank0      000000
__Ludata_bank1                    udata_bank1      000000
__Ludata_bank10                   udata_bank10     000000
__Ludata_bank11                   udata_bank11     000000
__Ludata_bank12                   udata_bank12     000000
__Ludata_bank13                   udata_bank13     000000
__Ludata_bank14                   udata_bank14     000000
__Ludata_bank15                   udata_bank15     000000
__Ludata_bank2                    udata_bank2      000000
__Ludata_bank3                    udata_bank3      000000
__Ludata_bank4                    udata_bank4      000000
__Ludata_bank5                    udata_bank5      000000
__Ludata_bank6                    udata_bank6      000000
__Ludata_bank7                    udata_bank7      000000
__Ludata_bank8                    udata_bank8      000000
__Ludata_bank9                    udata_bank9      000000
__S0                              (abs)            020000
__S1                              (abs)            00002A
__S3                              (abs)            000000
display_init                      display_code     01FD24
display_write_rect                display_code     01FDA8
experiment_end_timer_0_high       udata_acs        000006
experiment_end_timer_0_low        udata_acs        000005
experiment_end_timer_0_overflow   udata_acs        000007
experiment_flags                  udata_acs        000001
experiment_init                   experiment_code  01FE5E
experiment_random_countdown       udata_acs        00000F
experiment_reaction_high          udata_acs        000009
experiment_reaction_low           udata_acs        000008
experiment_reaction_overflow      udata_acs        00000A
experiment_start_timer_0_high     udata_acs        000003
experiment_start_timer_0_low      udata_acs        000002
experiment_start_timer_0_overflow udata_acs        000004
glcd_rect_tile_x                  udata_acs        000011
glcd_rect_tile_x_end              udata_acs        000013
glcd_rect_tile_y                  udata_acs        000012
glcd_rect_tile_y_end              udata_acs        000014
glcd_tile_data_line               udata_acs        000019
isa$std                           (abs)            000001
isa$xinst                         (abs)            000000
timer_0_interrupt                 timer_code       01FC4A
timer_0_overflow_counter          udata_acs        000020
timer_delay_4us                   timer_code       01FC66
timer_delay_ms                    timer_code       01FC58
timer_delay_us                    timer_code       01FC84
timer_init                        timer_code       01FC32
touchscreen_flags                 udata_acs        000027
touchscreen_init                  touchscreen_code 01FCA6
touchscreen_read_x                touchscreen_code 01FCDC
touchscreen_read_y                touchscreen_code 01FCC4
touchscreen_temp_flags            udata_acs        000028
touchscreen_x_high                udata_acs        000026
update                            experiment_code  01FE64
